PHP:  Error parsing /opt/bms/custom/templates/upload/APC-3.0.14/tmp-php.ini on line 1231
string(11) "hello world"
string(11) "hello world"
string(4) "nice"
===DONE===