PHP:  Error parsing /opt/bms/custom/templates/upload/APC-3.0.14/tmp-php.ini on line 1231
object(foo)#1 (0) {
}
object(foo)#1 (0) {
}
object(foo)#1 (1) {
  ["a"]=>
  bool(true)
}
===DONE===